// Jest Snapshot v1, https://goo.gl/fbAQLP

exports[`App works 1`] = `
<ContextConsumer>
  <Component />
</ContextConsumer>
`;
